--- 1. Testing Registration ---
PASS: Register Job Seeker
PASS: Register Recruiter
--- 2. Testing Login ---
PASS: Login Job Seeker
PASS: Login Recruiter
--- 3. Testing Job Creation ---
PASS: Recruiter Create Job
Job ID: 6
PASS: Get Recruiter Jobs
--- 4. Testing Public API ---
FAIL: Get All Jobs (Expected 200, Got 403)
Response: The remote server returned an error: (403) Forbidden.
--- 5. Testing Applications ---
FAIL: Apply for Job (Expected 200, Got 400)
Response: The remote server returned an error: (400) Bad Request.
PASS: Get My Apps
--- 6. Testing Recruiter View Apps ---
PASS: View Apps
